[    0.000000] Linux version 4.15.0-194-generic (buildd@lcy02-amd64-052) (gcc version 7.5.0 (Ubuntu 7.5.0-3ubuntu1~18.04)) #205-Ubuntu SMP Fri Sep 16 19:49:27 UTC 2022 (Ubuntu 4.15.0-194.205-generic 4.15.18)
[    0.000000] Command line: BOOT_IMAGE=/boot/vmlinuz-4.15.0-194-generic root=LABEL=cloudimg-rootfs ro console=tty1 console=ttyS0
[    0.000000] KERNEL supported cpus:
[    0.000000]   Intel GenuineIntel
[    0.000000]   AMD AuthenticAMD
[    0.000000]   Centaur CentaurHauls
[    0.000000] x86/fpu: Supporting XSAVE feature 0x001: 'x87 floating point registers'
[    0.000000] x86/fpu: Supporting XSAVE feature 0x002: 'SSE registers'
[    0.000000] x86/fpu: Supporting XSAVE feature 0x004: 'AVX registers'
[    0.000000] x86/fpu: xstate_offset[2]:  576, xstate_sizes[2]:  256
[    0.000000] x86/fpu: Enabled xstate features 0x7, context size is 832 bytes, using 'standard' format.
[    0.000000] e820: BIOS-provided physical RAM map:
[    0.000000] BIOS-e820: [mem 0x0000000000000000-0x000000000009fbff] usable
[    0.000000] BIOS-e820: [mem 0x000000000009fc00-0x000000000009ffff] reserved
[    0.000000] BIOS-e820: [mem 0x00000000000f0000-0x00000000000fffff] reserved
[    0.000000] BIOS-e820: [mem 0x0000000000100000-0x000000003ffeffff] usable
[    0.000000] BIOS-e820: [mem 0x000000003fff0000-0x000000003fffffff] ACPI data
[    0.000000] BIOS-e820: [mem 0x00000000fec00000-0x00000000fec00fff] reserved
[    0.000000] BIOS-e820: [mem 0x00000000fee00000-0x00000000fee00fff] reserved
[    0.000000] BIOS-e820: [mem 0x00000000fffc0000-0x00000000ffffffff] reserved
[    0.000000] NX (Execute Disable) protection: active
[    0.000000] SMBIOS 2.5 present.
[    0.000000] DMI: innotek GmbH VirtualBox/VirtualBox, BIOS VirtualBox 12/01/2006
[    0.000000] Hypervisor detected: KVM
[    0.000000] e820: last_pfn = 0x3fff0 max_arch_pfn = 0x400000000
[    0.000000] MTRR: Disabled
[    0.000000] x86/PAT: MTRRs disabled, skipping PAT initialization too.
[    0.000000] CPU MTRRs all blank - virtualized system.
[    0.000000] x86/PAT: Configuration [0-7]: WB  WT  UC- UC  WB  WT  UC- UC  
[    0.000000] found SMP MP-table at [mem 0x0009fff0-0x0009ffff]
[    0.000000] Scanning 1 areas for low memory corruption
[    0.000000] RAMDISK: [mem 0x359cb000-0x36cdcfff]
[    0.000000] ACPI: Early table checksum verification disabled
[    0.000000] ACPI: RSDP 0x00000000000E0000 000024 (v02 VBOX  )
[    0.000000] ACPI: XSDT 0x000000003FFF0030 00003C (v01 VBOX   VBOXXSDT 00000001 ASL  00000061)
[    0.000000] ACPI: FACP 0x000000003FFF00F0 0000F4 (v04 VBOX   VBOXFACP 00000001 ASL  00000061)
[    0.000000] ACPI: DSDT 0x000000003FFF0470 0021FF (v02 VBOX   VBOXBIOS 00000002 INTL 20180105)
[    0.000000] ACPI: FACS 0x000000003FFF0200 000040
[    0.000000] ACPI: FACS 0x000000003FFF0200 000040
[    0.000000] ACPI: APIC 0x000000003FFF0240 00005C (v02 VBOX   VBOXAPIC 00000001 ASL  00000061)
[    0.000000] ACPI: SSDT 0x000000003FFF02A0 0001CC (v01 VBOX   VBOXCPUT 00000002 INTL 20180105)
[    0.000000] ACPI: Reserving FACP table memory at [mem 0x3fff00f0-0x3fff01e3]
[    0.000000] ACPI: Reserving DSDT table memory at [mem 0x3fff0470-0x3fff266e]
[    0.000000] ACPI: Reserving FACS table memory at [mem 0x3fff0200-0x3fff023f]
[    0.000000] ACPI: Reserving FACS table memory at [mem 0x3fff0200-0x3fff023f]
[    0.000000] ACPI: Reserving APIC table memory at [mem 0x3fff0240-0x3fff029b]
[    0.000000] ACPI: Reserving SSDT table memory at [mem 0x3fff02a0-0x3fff046b]
[    0.000000] No NUMA configuration found
[    0.000000] Faking a node at [mem 0x0000000000000000-0x000000003ffeffff]
[    0.000000] NODE_DATA(0) allocated [mem 0x3ffc5000-0x3ffeffff]
[    0.000000] kvm-clock: cpu 0, msr 0:3ff44001, primary cpu clock
[    0.000000] kvm-clock: Using msrs 4b564d01 and 4b564d00
[    0.000000] kvm-clock: using sched offset of 3402337896 cycles
[    0.000000] clocksource: kvm-clock: mask: 0xffffffffffffffff max_cycles: 0x1cd42e4dffb, max_idle_ns: 881590591483 ns
[    0.000000] Zone ranges:
[    0.000000]   DMA      [mem 0x0000000000001000-0x0000000000ffffff]
[    0.000000]   DMA32    [mem 0x0000000001000000-0x000000003ffeffff]
[    0.000000]   Normal   empty
[    0.000000]   Device   empty
[    0.000000] Movable zone start for each node
[    0.000000] Early memory node ranges
[    0.000000]   node   0: [mem 0x0000000000001000-0x000000000009efff]
[    0.000000]   node   0: [mem 0x0000000000100000-0x000000003ffeffff]
[    0.000000] Reserved but unavailable: 104 pages
[    0.000000] Initmem setup node 0 [mem 0x0000000000001000-0x000000003ffeffff]
[    0.000000] ACPI: PM-Timer IO Port: 0x4008
[    0.000000] IOAPIC[0]: apic_id 2, version 32, address 0xfec00000, GSI 0-23
[    0.000000] ACPI: INT_SRC_OVR (bus 0 bus_irq 0 global_irq 2 dfl dfl)
[    0.000000] ACPI: INT_SRC_OVR (bus 0 bus_irq 9 global_irq 9 low level)
[    0.000000] Using ACPI (MADT) for SMP configuration information
[    0.000000] smpboot: Allowing 2 CPUs, 0 hotplug CPUs
[    0.000000] PM: Registered nosave memory: [mem 0x00000000-0x00000fff]
[    0.000000] PM: Registered nosave memory: [mem 0x0009f000-0x0009ffff]
[    0.000000] PM: Registered nosave memory: [mem 0x000a0000-0x000effff]
[    0.000000] PM: Registered nosave memory: [mem 0x000f0000-0x000fffff]
[    0.000000] e820: [mem 0x40000000-0xfebfffff] available for PCI devices
[    0.000000] Booting paravirtualized kernel on KVM
[    0.000000] clocksource: refined-jiffies: mask: 0xffffffff max_cycles: 0xffffffff, max_idle_ns: 7645519600211568 ns
[    0.000000] setup_percpu: NR_CPUS:8192 nr_cpumask_bits:2 nr_cpu_ids:2 nr_node_ids:1
[    0.000000] percpu: Embedded 50 pages/cpu s167936 r8192 d28672 u1048576
[    0.000000] PV qspinlock hash table entries: 256 (order: 0, 4096 bytes)
[    0.000000] Built 1 zonelists, mobility grouping on.  Total pages: 257913
[    0.000000] Policy zone: DMA32
[    0.000000] Kernel command line: BOOT_IMAGE=/boot/vmlinuz-4.15.0-194-generic root=LABEL=cloudimg-rootfs ro console=tty1 console=ttyS0
[    0.000000] Memory: 982652K/1048120K available (12300K kernel code, 2477K rwdata, 4320K rodata, 2472K init, 2720K bss, 65468K reserved, 0K cma-reserved)
[    0.000000] SLUB: HWalign=64, Order=0-3, MinObjects=0, CPUs=2, Nodes=1
[    0.000000] Kernel/User page tables isolation: enabled
[    0.000000] ftrace: allocating 39477 entries in 155 pages
[    0.004000] Hierarchical RCU implementation.
[    0.004000] 	RCU restricting CPUs from NR_CPUS=8192 to nr_cpu_ids=2.
[    0.004000] 	Tasks RCU enabled.
[    0.004000] RCU: Adjusting geometry for rcu_fanout_leaf=16, nr_cpu_ids=2
[    0.004000] NR_IRQS: 524544, nr_irqs: 440, preallocated irqs: 16
[    0.004000] random: crng init done
[    0.004000] Console: colour VGA+ 80x25
[    0.004000] console [tty1] enabled
[    0.004000] console [ttyS0] enabled
[    0.004000] ACPI: Core revision 20170831
[    0.004000] ACPI: 2 ACPI AML tables successfully acquired and loaded
[    0.004000] APIC: Switch to symmetric I/O mode setup
[    0.004000] x2apic enabled
[    0.004000] Switched APIC routing to physical x2apic.
[    0.004000] ..TIMER: vector=0x30 apic1=0 pin1=2 apic2=-1 pin2=-1
[    0.004000] tsc: Detected 2794.626 MHz processor
[    0.004000] Calibrating delay loop (skipped) preset value.. 5589.25 BogoMIPS (lpj=11178504)
[    0.004004] pid_max: default: 32768 minimum: 301
[    0.004554] Security Framework initialized
[    0.005032] Yama: becoming mindful.
[    0.005466] AppArmor: AppArmor initialized
[    0.006406] Dentry cache hash table entries: 131072 (order: 8, 1048576 bytes)
[    0.007229] Inode-cache hash table entries: 65536 (order: 7, 524288 bytes)
[    0.008008] Mount-cache hash table entries: 2048 (order: 2, 16384 bytes)
[    0.008737] Mountpoint-cache hash table entries: 2048 (order: 2, 16384 bytes)
[    0.009701] Last level iTLB entries: 4KB 64, 2MB 8, 4MB 8
[    0.010308] Last level dTLB entries: 4KB 64, 2MB 0, 4MB 0, 1GB 4
[    0.010967] Spectre V1 : Mitigation: usercopy/swapgs barriers and __user pointer sanitization
[    0.012002] Spectre V2 : Mitigation: Retpolines
[    0.012654] Spectre V2 : Spectre v2 / SpectreRSB mitigation: Filling RSB on context switch
[   0.013807] Speculative Store Bypass: Vulnerable
[    0.016093] MDS: Vulnerable: Clear CPU buffers attempted, no microcode
[    0.016802] MMIO Stale Data: Vulnerable: Clear CPU buffers attempted, no microcode
[    0.017658] SRBDS: Unknown: Dependent on hypervisor status
[    0.020018] Freeing SMP alternatives memory: 36K
[    0.129734] smpboot: CPU0: Intel(R) Core(TM) i7-7700HQ CPU @ 2.80GHz (family: 0x6, model: 0x9e, stepping: 0x9)
[    0.131034] Performance Events: unsupported p6 CPU model 158 no PMU driver, software events only.
[    0.132000] Hierarchical SRCU implementation.
[    0.132000] NMI watchdog: Perf event create on CPU 0 failed with -2
[    0.132001] NMI watchdog: Perf NMI watchdog permanently disabled
[    0.132699] smp: Bringing up secondary CPUs ...
[    0.133285] x86: Booting SMP configuration:
[    0.133787] .... node  #0, CPUs:      #1
[    0.004000] kvm-clock: cpu 1, msr 0:3ff44041, secondary cpu clock
[    0.136016] smp: Brought up 1 node, 2 CPUs
[    0.136498] smpboot: Max logical packages: 1
[    0.136994] smpboot: Total of 2 processors activated (11178.50 BogoMIPS)
[    0.137815] devtmpfs: initialized
[    0.137815] x86/mm: Memory block size: 128MB
[    0.140037] evm: security.selinux
[    0.140447] evm: security.SMACK64
[    0.140852] evm: security.SMACK64EXEC
[    0.141291] evm: security.SMACK64TRANSMUTE
[    0.141770] evm: security.SMACK64MMAP
[    0.142207] evm: security.apparmor
[    0.142620] evm: security.ima
[    0.142999] evm: security.capability
[    0.143455] clocksource: jiffies: mask: 0xffffffff max_cycles: 0xffffffff, max_idle_ns: 7645041785100000 ns
[    0.144005] futex hash table entries: 512 (order: 3, 32768 bytes)
[    0.144710] pinctrl core: initialized pinctrl subsystem
[    0.145731] RTC time: 16:17:36, date: 12/13/22
[    0.146356] NET: Registered protocol family 16
[    0.148065] audit: initializing netlink subsys (disabled)
[    0.148693] audit: type=2000 audit(1670948261.789:1): state=initialized audit_enabled=0 res=1
[    0.149123] cpuidle: using governor ladder
[    0.149123] cpuidle: using governor menu
[    0.149123] ACPI: bus type PCI registered
[    0.149467] acpiphp: ACPI Hot Plug PCI Controller Driver version: 0.5
[    0.152073] PCI: Using configuration type 1 for base access
[    0.152803] HugeTLB registered 2.00 MiB page size, pre-allocated 0 pages
[    0.152803] ACPI: Added _OSI(Module Device)
[    0.152803] ACPI: Added _OSI(Processor Device)
[    0.156006] ACPI: Added _OSI(3.0 _SCP Extensions)
[    0.156546] ACPI: Added _OSI(Processor Aggregator Device)
[    0.157151] ACPI: Added _OSI(Linux-Dell-Video)
[    0.157664] ACPI: Added _OSI(Linux-Lenovo-NV-HDMI-Audio)
[    0.158260] ACPI: Added _OSI(Linux-HPI-Hybrid-Graphics)
[    0.159050] ACPI: Executed 1 blocks of module-level executable AML code
[    0.162565] ACPI: Interpreter enabled
[    0.163029] ACPI: (supports S0 S5)
[    0.163443] ACPI: Using IOAPIC for interrupt routing
[    0.164182] PCI: Using host bridge windows from ACPI; if necessary, use "pci=nocrs" and report a bug
[    0.165306] ACPI: Enabled 2 GPEs in block 00 to 07
[    0.170330] ACPI: PCI Root Bridge [PCI0] (domain 0000 [bus 00-ff])
[    0.171023] acpi PNP0A03:00: _OSC: OS supports [ASPM ClockPM Segments MSI]
[    0.171783] acpi PNP0A03:00: _OSC: not requesting OS control; OS requires [ExtendedConfig ASPM ClockPM MSI]
[    0.172010] acpi PNP0A03:00: fail to add MMCONFIG information, can't access extended PCI configuration space under this bridge.
[    0.173472] PCI host bridge to bus 0000:00
[    0.173957] pci_bus 0000:00: root bus resource [io  0x0000-0x0cf7 window]
[    0.174704] pci_bus 0000:00: root bus resource [io  0x0d00-0xffff window]
[    0.176002] pci_bus 0000:00: root bus resource [mem 0x000a0000-0x000bffff window]
[    0.177408] pci_bus 0000:00: root bus resource [mem 0x40000000-0xfdffffff window]
[    0.178256] pci_bus 0000:00: root bus resource [bus 00-ff]
[    0.180415] pci 0000:00:01.1: legacy IDE quirk: reg 0x10: [io  0x01f0-0x01f7]
[    0.181202] pci 0000:00:01.1: legacy IDE quirk: reg 0x14: [io  0x03f6]
[    0.181916] pci 0000:00:01.1: legacy IDE quirk: reg 0x18: [io  0x0170-0x0177]
[    0.182685] pci 0000:00:01.1: legacy IDE quirk: reg 0x1c: [io  0x0376]
[    0.194451] pci 0000:00:07.0: quirk: [io  0x4000-0x403f] claimed by PIIX4 ACPI
[    0.196012] pci 0000:00:07.0: quirk: [io  0x4100-0x410f] claimed by PIIX4 SMB
[    0.204314] ACPI: PCI Interrupt Link [LNKA] (IRQs 5 9 10 *11)
[    0.205251] ACPI: PCI Interrupt Link [LNKB] (IRQs 5 9 *10 11)
[    0.205971] ACPI: PCI Interrupt Link [LNKC] (IRQs 5 *9 10 11)
[    0.206690] ACPI: PCI Interrupt Link [LNKD] (IRQs 5 9 10 *11)
[    0.207648] SCSI subsystem initialized
[    0.208039] pci 0000:00:02.0: vgaarb: setting as boot VGA device
[    0.208701] pci 0000:00:02.0: vgaarb: VGA device added: decodes=io+mem,owns=io+mem,locks=none
[    0.209651] pci 0000:00:02.0: vgaarb: bridge control possible
[    0.210289] vgaarb: loaded
[    0.210658] ACPI: bus type USB registered
[    0.211148] usbcore: registered new interface driver usbfs
[    0.212014] usbcore: registered new interface driver hub
[    0.212632] usbcore: registered new device driver usb
[    0.213246] EDAC MC: Ver: 3.0.0
[    0.213246] PCI: Using ACPI for IRQ routing
[    0.213246] NetLabel: Initializing
[    0.213246] NetLabel:  domain hash size = 128
[    0.213625] NetLabel:  protocols = UNLABELED CIPSOv4 CALIPSO
[    0.216021] NetLabel:  unlabeled traffic allowed by default
[    0.216664] clocksource: Switched to clocksource kvm-clock
[    0.225101] VFS: Disk quotas dquot_6.6.0
[    0.225620] VFS: Dquot-cache hash table entries: 512 (order 0, 4096 bytes)
[    0.226446] AppArmor: AppArmor Filesystem Enabled
[    0.227010] pnp: PnP ACPI init
[    0.228155] pnp: PnP ACPI: found 3 devices
[    0.236335] clocksource: acpi_pm: mask: 0xffffff max_cycles: 0xffffff, max_idle_ns: 2085701024 ns
[    0.237360] NET: Registered protocol family 2
[    0.237920] IP idents hash table entries: 16384 (order: 5, 131072 bytes)
[    0.239190] TCP established hash table entries: 8192 (order: 4, 65536 bytes)
[    0.239984] TCP bind hash table entries: 8192 (order: 5, 131072 bytes)
[    0.240727] TCP: Hash tables configured (established 8192 bind 8192)
[    0.241441] UDP hash table entries: 512 (order: 2, 16384 bytes)
[    0.242103] UDP-Lite hash table entries: 512 (order: 2, 16384 bytes)
[    0.242822] NET: Registered protocol family 1
[    0.243351] pci 0000:00:00.0: Limiting direct PCI/PCI transfers
[    0.244034] pci 0000:00:01.0: Activating ISA DMA hang workarounds
[    0.244733] pci 0000:00:02.0: Video device with shadowed ROM at [mem 0x000c0000-0x000dffff]
[    0.245720] Unpacking initramfs...
[    0.481901] Freeing initrd memory: 19528K
[    0.489120] clocksource: tsc: mask: 0xffffffffffffffff max_cycles: 0x28486c2040c, max_idle_ns: 440795254152 ns
[    0.497259] platform rtc_cmos: registered platform RTC device (no PNP device found)
[    0.500523] Scanning for low memory corruption every 60 seconds
[    0.504959] Initialise system trusted keyrings
[    0.505610] Key type blacklist registered
[    0.508443] workingset: timestamp_bits=36 max_order=18 bucket_order=0
[    0.509944] zbud: loaded
[    0.510689] squashfs: version 4.0 (2009/01/31) Phillip Lougher
[    0.511477] fuse init (API version 7.26)
[    0.513575] Key type asymmetric registered
[    0.514063] Asymmetric key parser 'x509' registered
[    0.514640] Block layer SCSI generic (bsg) driver version 0.4 loaded (major 246)
[    0.515523] io scheduler noop registered
[    0.515988] io scheduler deadline registered
[    0.516520] io scheduler cfq registered (default)
[    0.517314] ACPI: AC Adapter [AC] (on-line)
[    0.517858] input: Power Button as /devices/LNXSYSTM:00/LNXPWRBN:00/input/input0
[    0.518774] ACPI: Power Button [PWRF]
[    0.519269] input: Sleep Button as /devices/LNXSYSTM:00/LNXSLPBN:00/input/input1
[    0.556806] ACPI: Sleep Button [SLPF]
[    0.558052] ACPI: Battery Slot [BAT0] (battery present)
[    0.558658] Serial: 8250/16550 driver, 32 ports, IRQ sharing enabled
[    0.580729] 00:02: ttyS0 at I/O 0x3f8 (irq = 4, base_baud = 115200) is a 16550A
[    0.583517] Linux agpgart interface v0.103
[    0.585511] loop: module loaded
[    0.586305] scsi host0: ata_piix
[    0.586811] scsi host1: ata_piix
[    0.587226] ata1: PATA max UDMA/33 cmd 0x1f0 ctl 0x3f6 bmdma 0xd000 irq 14
[    0.587966] ata2: PATA max UDMA/33 cmd 0x170 ctl 0x376 bmdma 0xd008 irq 15
[    0.588806] tun: Universal TUN/TAP device driver, 1.6
[    0.590725] PPP generic driver version 2.4.2
[    0.592017] ehci_hcd: USB 2.0 'Enhanced' Host Controller (EHCI) Driver
[    0.593139] ehci-pci: EHCI PCI platform driver
[    0.593658] ehci-platform: EHCI generic platform driver
[    0.594246] ohci_hcd: USB 1.1 'Open' Host Controller (OHCI) Driver
[    0.594927] ohci-pci: OHCI PCI platform driver
[    0.595439] ohci-platform: OHCI generic platform driver
[    0.596032] uhci_hcd: USB Universal Host Controller Interface driver
[    0.596768] i8042: PNP: PS/2 Controller [PNP0303:PS2K,PNP0f03:PS2M] at 0x60,0x64 irq 1,12
[    0.598076] serio: i8042 KBD port at 0x60,0x64 irq 1
[    0.598659] serio: i8042 AUX port at 0x60,0x64 irq 12
[    0.599327] mousedev: PS/2 mouse device common for all mice
[    0.600338] input: AT Translated Set 2 keyboard as /devices/platform/i8042/serio0/input/input2
[    0.601474] rtc_cmos rtc_cmos: rtc core: registered rtc_cmos as rtc0
[    0.602199] rtc_cmos rtc_cmos: alarms up to one day, 114 bytes nvram
[    0.602885] i2c /dev entries driver
[    0.603336] device-mapper: uevent: version 1.0.3
[    0.603923] device-mapper: ioctl: 4.37.0-ioctl (2017-09-20) initialised: dm-devel@redhat.com
[    0.604951] ledtrig-cpu: registered to indicate activity on CPUs
[    0.605970] NET: Registered protocol family 10
[    0.609244] Segment Routing with IPv6
[    0.609700] NET: Registered protocol family 17
[    0.610255] Key type dns_resolver registered
[    0.610886] mce: Using 0 MCE banks
[    0.611305] RAS: Correctable Errors collector initialized.
[    0.611926] sched_clock: Marking stable (610866140, 0)->(1005584385, -394718245)
[    0.613136] registered taskstats version 1
[    0.613644] Loading compiled-in X.509 certificates
[    0.615828] Loaded X.509 cert 'Build time autogenerated kernel key: 6303a3b02fa1c7713b8a75ba7ba622fabd5dd271'
[    0.617392] Loaded X.509 cert 'Canonical Ltd. Live Patch Signing: 14df34d1a87cf37625abec039ef2bf521249b969'
[    0.618907] Loaded X.509 cert 'Canonical Ltd. Kernel Module Signing: 88f752e560a1e0737e31163a466ad7b70a850c19'
[    0.619987] blacklist: Loading compiled-in revocation X.509 certificates
[    0.620742] Loaded X.509 cert 'Canonical Ltd. Secure Boot Signing: 61482aa2830d0ab2ad5af10b7250da9033ddcef0'
[    0.621851] zswap: loaded using pool lzo/zbud
[    0.624980] Key type big_key registered
[    0.625485] Key type trusted registered
[    0.627270] Key type encrypted registered
[    0.627744] AppArmor: AppArmor sha1 policy hashing enabled
[    0.628378] ima: No TPM chip found, activating TPM-bypass! (rc=-19)
[    0.629063] ima: Allocated hash algorithm: sha1
[    0.629599] evm: HMAC attrs: 0x1
[    0.630136]   Magic number: 2:431:287
[    0.630586] tty tty20: hash matches
[    0.631013] acpi PNP0400:00: hash matches
[    0.631521] rtc_cmos rtc_cmos: setting system clock to 2022-12-13 16:17:37 UTC (1670948257)
[    0.632530] BIOS EDD facility v0.16 2004-Jun-25, 0 devices found
[    0.633195] EDD information not available.
[    0.753975] Freeing unused kernel image memory: 2472K
[    1.340958] Write protecting the kernel read-only data: 20480k
[    1.533217] Freeing unused kernel image memory: 2008K
[    1.534099] Freeing unused kernel image memory: 1824K
[    1.539747] x86/mm: Checked W+X mappings: passed, no W+X pages found.
[    1.557345] x86/mm: Checking user space page tables
[    1.562956] x86/mm: Checked W+X mappings: passed, no W+X pages found.
Loading, please wait...
starting version 237
[    1.618938] Fusion MPT base driver 3.04.20
[    1.621284] Copyright (c) 1999-2008 LSI Corporation
[    1.624405] e1000: Intel(R) PRO/1000 Network Driver - version 7.3.21-k8-NAPI
[    1.625204] e1000: Copyright (c) 1999-2006 Intel Corporation.
[    1.637785] Fusion MPT SPI Host driver 3.04.20
[    1.639187] AVX2 version of gcm_enc/dec engaged.
[    1.639755] AES CTR mode by8 optimization enabled
[    1.837496] input: ImExPS/2 Generic Explorer Mouse as /devices/platform/i8042/serio1/input/input4
[    1.986723] e1000 0000:00:03.0 eth0: (PCI:33MHz:32-bit) 02:d4:40:b8:a4:a0
[    1.987694] e1000 0000:00:03.0 eth0: Intel(R) PRO/1000 Network Connection
[    1.990485] mptbase: ioc0: Initiating bringup
[    1.990911] e1000 0000:00:03.0 enp0s3: renamed from eth0
[    2.088533] ioc0: LSI53C1030 A0: Capabilities={Initiator}
[    2.332984] scsi host2: ioc0: LSI53C1030 A0, FwRev=00000000h, Ports=1, MaxQ=256, IRQ=20
[    2.504876] scsi 2:0:0:0: Direct-Access     VBOX     HARDDISK         1.0  PQ: 0 ANSI: 5
[    2.536093] scsi target2:0:0: Beginning Domain Validation
[    2.543437] scsi target2:0:0: Domain Validation skipping write tests
[    2.546492] scsi target2:0:0: Ending Domain Validation
[    2.549198] scsi target2:0:0: asynchronous
[    2.553145] scsi 2:0:1:0: Direct-Access     VBOX     HARDDISK         1.0  PQ: 0 ANSI: 5
[    2.588067] scsi target2:0:1: Beginning Domain Validation
[    2.592408] scsi target2:0:1: Domain Validation skipping write tests
[    2.593309] scsi target2:0:1: Ending Domain Validation
[    2.594132] scsi target2:0:1: asynchronous
[    2.599460] sd 2:0:0:0: [sda] 83886080 512-byte logical blocks: (42.9 GB/40.0 GiB)
[    2.599496] sd 2:0:0:0: Attached scsi generic sg0 type 0
[    2.600661] sd 2:0:0:0: [sda] Write Protect is off
[    2.602245] sd 2:0:0:0: [sda] Incomplete mode parameter data
[    2.603044] sd 2:0:0:0: [sda] Assuming drive cache: write through
[    2.604232] sd 2:0:1:0: [sdb] 20480 512-byte logical blocks: (10.5 MB/10.0 MiB)
[    2.605445] sd 2:0:1:0: Attached scsi generic sg1 type 0
[    2.606313] sd 2:0:1:0: [sdb] Write Protect is off
[    2.607123] sd 2:0:1:0: [sdb] Incomplete mode parameter data
[    2.608002] sd 2:0:1:0: [sdb] Assuming drive cache: write through
[    2.617654]  sda: sda1
[    2.619214] sd 2:0:0:0: [sda] Attached SCSI disk
[    2.632212] sd 2:0:1:0: [sdb] Attached SCSI disk
Begin: Loading essential drivers ... [    4.080112] raid6: sse2x1   gen() 12628 MB/s
[    4.476123] raid6: sse2x1   xor()  8949 MB/s
[    4.765780] raid6: sse2x2   gen() 13672 MB/s
[    4.816962] raid6: sse2x2   xor() 11690 MB/s
[    4.867255] raid6: sse2x4   gen() 18389 MB/s
[    4.917490] raid6: sse2x4   xor() 11714 MB/s
[    4.967671] raid6: avx2x1   gen() 26359 MB/s
[    5.017898] raid6: avx2x1   xor() 18420 MB/s
[    5.064521] raid6: avx2x2   gen() 30802 MB/s
[    5.113175] raid6: avx2x2   xor() 19904 MB/s
[    5.160688] raid6: avx2x4   gen() 34199 MB/s
[    5.208887] raid6: avx2x4   xor() 20310 MB/s
[    5.209654] raid6: using algorithm avx2x4 gen() 34199 MB/s
[    5.210387] raid6: .... xor() 20310 MB/s, rmw enabled
[    5.211111] raid6: using avx2x2 recovery algorithm
[    5.212597] xor: automatically using best checksumming function   avx       
[    5.214179] async_tx: api initialized (async)
done.
Begin: Running /scripts/init-premount ... done.
Begin: Mounting root file system ... Begin: Running /scripts/local-top ... done.
Begin: Running /scripts/local-premount ... [    5.250775] Btrfs loaded, crc32c=crc32c-intel
Scanning for Btrfs filesystems
done.
Warning: fsck not present, so skipping root file system
[    5.281400] EXT4-fs (sda1): mounted filesystem with ordered data mode. Opts: (null)
done.
Begin: Running /scripts/local-bottom ... done.
Begin: Running /scripts/init-bottom ... done.
[    6.579386] ip_tables: (C) 2000-2006 Netfilter Core Team
[    6.810237] systemd[1]: systemd 237 running in system mode. (+PAM +AUDIT +SELINUX +IMA +APPARMOR +SMACK +SYSVINIT +UTMP +LIBCRYPTSETUP +GCRYPT +GNUTLS +ACL +XZ +LZ4 +SECCOMP +BLKID +ELFUTILS +KMOD -IDN2 +IDN -PCRE2 default-hierarchy=hybrid)
[    6.839140] systemd[1]: Detected virtualization oracle.
[    6.839742] systemd[1]: Detected architecture x86-64.

Welcome to [1mUbuntu 18.04.6 LTS[0m!

[    6.857152] systemd[1]: Set hostname to <ubuntu>.
[    6.879120] systemd[1]: Initializing machine ID from random generator.
[    6.898737] systemd[1]: Installed transient /etc/machine-id file.
[    8.245045] systemd[1]: Created slice System Slice.
[[0;32m  OK  [0m] Created slice System Slice.
[    8.290968] systemd[1]: Reached target User and Group Name Lookups.
[[0;32m  OK  [0m] Reached target User and Group Name Lookups.
[    8.292626] systemd[1]: Listening on /dev/initctl Compatibility Named Pipe.
[[0;32m  OK  [0m] Listening on /dev/initctl Compatibility Named Pipe.
[    8.294402] systemd[1]: Listening on LVM2 metadata daemon socket.
[[0;32m  OK  [0m] Listening on LVM2 metadata daemon socket.
[[0;32m  OK  [0m] Set up automount Arbitrary Executabâ€¦rmats File System Automount Point.
[[0;32m  OK  [0m] Listening on udev Kernel Socket.
[[0;32m  OK  [0m] Listening on Syslog Socket.
[[0;32m  OK  [0m] Reached target System Time Synchronized.
[[0;32m  OK  [0m] Reached target Swap.
[[0;32m  OK  [0m] Listening on Journal Socket.
         Mounting Huge Pages File System...
         Mounting Kernel Debug File System...
         Starting Load Kernel Modules...
[    8.365001] Loading iSCSI transport class v2.0-870.
         Starting Create list of required stâ€¦ce nodes for the current kernel...
         Starting Set the console keyboard layout...
[[0;32m  OK  [0m] Listening on Network Service Netlink Socket.
[[0;32m  OK  [0m] Listening on Journal Audit Socket.
[[0;32m  OK  [0m] Listening on fsck to fsckd communication Socket.
         Starting File System Check on Root Device...
[[0;32m  OK  [0m] Listening on udev Control Socket.
         Starting udev Coldplug all Devices...
         Mounting POSIX Message Queue File System...
         Starting Uncomplicated firewall...
[[0;32m  OK  [0m] Created slice User and Session Slice.
[[0;32m  OK  [0m] Reached target Slices.
[[0;32m  OK  [0m] Started Forward Password Requests to Wall Directory Watch.
[[0;32m  OK  [0m] Listening on Journal Socket (/dev/log).
         Starting Journal Service...
[    8.834408] iscsi: registered transport (tcp)
[[0;32m  OK  [0m] Listening on Device-mapper ev[    8.857873] iscsi: registered transport (iser)
ent daemon FIFOs.
         Starting Monitoring of LVM2 mirrorsâ€¦ng dmeventd or progress polling...
[[0;32m  OK  [0m] Listening on LVM2 poll daemon socket.
[[0;32m  OK  [0m] Created slice system-serial\x2dgetty.slice.
[[0;32m  OK  [0m] Mounted Huge Pages File System.
[[0;32m  OK  [0m] Mounted Kernel Debug File System.
[[0;32m  OK  [0m] Started Load Kernel Modules.
[[0;32m  OK  [0m] Started Create list of required staâ€¦vice nodes for the current kernel.
[[0;32m  OK  [0m] Mounted POSIX Message Queue File System.
         Starting Create Static Device Nodes in /dev...
         Mounting Kernel Configuration File System...
         Mounting FUSE Control File System...
         Starting Apply Kernel Variables...
[[0;32m  OK  [0m] Mounted Kernel Configuration File System.
[[0;32m  OK  [0m] Mounted FUSE Control File System.
[[0;32m  OK  [0m] Started File System Check Daemon to report status.
[[0;32m  OK  [0m] Started Uncomplicated firewall.
[[0;32m  OK  [0m] Started udev Coldplug all Devices.
[[0;32m  OK  [0m] Started Journal Service.
[[0;32m  OK  [0m] Started Create Static Device Nodes in /dev.
[[0;32m  OK  [0m] Started Apply Kernel Variables.
[[0;32m  OK  [0m] Started File System Check on Root Device.
         Starting Remount Root and Kernel File Systems...
[[0;32m  OK  [0m] Started LVM2 metadata daemon.
[[0;32m  OK  [0m] Started Remount Root and Kernel File Systems.
         Starting udev Kernel Device Manager...
         Starting Flush Journal to Persistent Storage...
         Starting Load/Save Random Seed...
[[0;32m  OK  [0m] Started Set the console keyboard layout.
[[0;32m  OK  [0m] Started Monitoring of LVM2 mirrors,â€¦sing dmeventd or progress polling.
[[0;32m  OK  [0m] Reached target Local File Systems (Pre).
[[0;32m  OK  [0m] Reached target Local File Systems.
         Starting Commit a transient machine-id on disk...
         Starting Tell Plymouth To Write Out Runtime Data...
         Starting Set console font and keymap...
         Starting ebtables ruleset management...
         Starting AppArmor initialization...
[[0;32m  OK  [0m] Started Load/Save Random Seed.
[[0;32m  OK  [0m] Started Tell Plymouth To Write Out Runtime Data.
[[0;32m  OK  [0m] Started Set console font and keymap.
[[0;32m  OK  [0m] Started udev Kernel Device Manager.
[[0;32m  OK  [0m] Started Dispatch Password Requests to Console Directory Watch.
[[0;32m  OK  [0m] Reached target Local Encrypted Volumes.
[[0;32m  OK  [0m] Started Flush Journal to Persistent Storage.
         Starting Create Volatile Files and Directories...
[[0;32m  OK  [0m] Started Commit a transient machine-id on disk.
[[0;32m  OK  [0m] Started Create Volatile Files and Directories.
         Starting Update UTMP about System Boot/Shutdown...
[[0;32m  OK  [0m] Started Update UTMP about System Boot/Shutdown.
[[0;32m  OK  [0m] Found device /dev/ttyS0.
[[0;32m  OK  [0m] Started ebtables ruleset management.
[[0;32m  OK  [0m] Listening on Load/Save RF Kill Switch Status /dev/rfkill Watch.
         Mounting Arbitrary Executable File Formats File System...
[[0;32m  OK  [0m] Mounted Arbitrary Executable File Formats File System.
[[0;32m  OK  [0m] Started AppArmor initialization.
         Starting Initial cloud-init job (pre-networking)...
         Starting Load AppArmor profiles managed internally by snapd...
[[0;32m  OK  [0m] Started Load AppArmor profiles managed internally by snapd.
[   16.679228] cloud-init[538]: Cloud-init v. 22.3.4-0ubuntu1~18.04.1 running 'init-local' at Tue, 13 Dec 2022 16:17:53 +0000. Up 16.18 seconds.
[[0;32m  OK  [0m] Started Initial cloud-init job (pre-networking).
[[0;32m  OK  [0m] Reached target Network (Pre).
         Starting Network Service...
[[0;32m  OK  [0m] Started Network Service.
         Starting Network Name Resolution...
         Starting Wait for Network to be Configured...
[[0;32m  OK  [0m] Started Network Name Resolution.
[[0;32m  OK  [0m] Reached target Host and Network Name Lookups.
[[0;32m  OK  [0m] Reached target Network.
[[0;32m  OK  [0m] Started Wait for Network to be Configured.
         Starting Initial cloud-init job (metadata service crawler)...
[   19.293111] cloud-init[663]: Cloud-init v. 22.3.4-0ubuntu1~18.04.1 running 'init' at Tue, 13 Dec 2022 16:17:56 +0000. Up 19.14 seconds.
[   19.295011] cloud-init[663]: ci-info: ++++++++++++++++++++++++++++++++++++++Net device info++++++++++++++++++++++++++++++++++++++
[   19.328225] cloud-init[663]: ci-info: +--------+------+----------------------------+---------------+--------+-------------------+
[   19.330916] cloud-init[663]: ci-info: | Device |  Up  |          Address           |      Mask     | Scope  |     Hw-Address    |
[   19.332521] cloud-init[663]: ci-info: +--------+------+----------------------------+---------------+--------+-------------------+
[   19.333996] cloud-init[663]: ci-info: | enp0s3 | True |         10.0.2.15          | 255.255.255.0 | global | 02:d4:40:b8:a4:a0 |
[   19.335582] cloud-init[663]: ci-info: | enp0s3 | True | fe80::d4:40ff:feb8:a4a0/64 |       .       |  link  | 02:d4:40:b8:a4:a0 |
[   19.337135] cloud-init[663]: ci-info: |   lo   | True |         127.0.0.1          |   255.0.0.0   |  host  |         .         |
[   19.338641] cloud-init[663]: ci-info: |   lo   | True |          ::1/128           |       .       |  host  |         .         |
[   19.353904] cloud-init[663]: ci-info: +--------+------+----------------------------+---------------+--------+-------------------+
[   19.357578] cloud-init[663]: ci-info: ++++++++++++++++++++++++++++Route IPv4 info+++++++++++++++++++++++++++++
[   19.365035] cloud-init[663]: ci-info: +-------+-------------+----------+-----------------+-----------+-------+
[   19.366313] cloud-init[663]: ci-info: | Route | Destination | Gateway  |     Genmask     | Interface | Flags |
[   19.367540] cloud-init[663]: ci-info: +-------+-------------+----------+-----------------+-----------+-------+
[   19.368747] cloud-init[663]: ci-info: |   0   |   0.0.0.0   | 10.0.2.2 |     0.0.0.0     |   enp0s3  |   UG  |
[   19.370017] cloud-init[663]: ci-info: |   1   |   10.0.2.0  | 0.0.0.0  |  255.255.255.0  |   enp0s3  |   U   |
[   19.371311] cloud-init[663]: ci-info: |   2   |   10.0.2.2  | 0.0.0.0  | 255.255.255.255 |   enp0s3  |   UH  |
[   19.372821] cloud-init[663]: ci-info: +-------+-------------+----------+-----------------+-----------+-------+
[   19.374224] cloud-init[663]: ci-info: +++++++++++++++++++Route IPv6 info+++++++++++++++++++
[   19.375632] cloud-init[663]: ci-info: +-------+-------------+---------+-----------+-------+
[   19.377169] cloud-init[663]: ci-info: | Route | Destination | Gateway | Interface | Flags |
[   19.404201] cloud-init[663]: ci-info: +-------+-------------+---------+-----------+-------+
[   19.409358] cloud-init[663]: ci-info: |   1   |  fe80::/64  |    ::   |   enp0s3  |   U   |
[   19.410244] cloud-init[663]: ci-info: |   3   |    local    |    ::   |   enp0s3  |   U   |
[   19.424141] cloud-init[663]: ci-info: |   4   |   ff00::/8  |    ::   |   enp0s3  |   U   |
[   19.447473] cloud-init[663]: ci-info: +-------+-------------+---------+-----------+-------+
[   20.967652] cloud-init[663]: Generating public/private rsa key pair.
[   20.980222] cloud-init[663]: Your identification has been saved in /etc/ssh/ssh_host_rsa_key.
[   20.982387] cloud-init[663]: Your public key has been saved in /etc/ssh/ssh_host_rsa_key.pub.
[   20.983273] cloud-init[663]: The key fingerprint is:
[   20.983793] cloud-init[663]: SHA256:sVOVAnlSi61s1IXuN5OX4r1h3goAaVOow23l1AOJUU4 root@ubuntu-bionic
[   20.984652] cloud-init[663]: The key's randomart image is:
[   20.985221] cloud-init[663]: +---[RSA 2048]----+
[   20.985700] cloud-init[663]: |        oOE=o.   |
[   20.986176] cloud-init[663]: |        =OB++    |
[   20.986670] cloud-init[663]: |     . oOB*. .   |
[   20.987146] cloud-init[663]: |      ++oBo      |
[   20.987620] cloud-init[663]: |       oS..  . . |
[   20.988107] cloud-init[663]: |       . ...* o  |
[   20.988609] cloud-init[663]: |           o.*o  |
[   20.989089] cloud-init[663]: |            .+.o |
[   20.989571] cloud-init[663]: |              +o.|
[   20.990061] cloud-init[663]: +----[SHA256]-----+
[   20.990564] cloud-init[663]: Generating public/private dsa key pair.
[   20.991252] cloud-init[663]: Your identification has been saved in /etc/ssh/ssh_host_dsa_key.
[   20.992151] cloud-init[663]: Your public key has been saved in /etc/ssh/ssh_host_dsa_key.pub.
[   20.996167] cloud-init[663]: The key fingerprint is:
[   20.998992] cloud-init[663]: SHA256:mnzBJVOvNlh+lQ9eTnvud6ScyLZ+LxW/VTImN8m2VCo root@ubuntu-bionic
[   21.000103] cloud-init[663]: The key's randomart image is:
[   21.000740] cloud-init[663]: +---[DSA 1024]----+
[   21.001311] cloud-init[663]: |          .      |
[   21.001899] cloud-init[663]: |         . .   ..|
[   21.002469] cloud-init[663]: |        o o ..++o|
[   21.003065] cloud-init[663]: |       . B .Eo%Bo|
[   21.003612] cloud-init[663]: |        S = .B.*B|
[   21.004164] cloud-init[663]: |     . o o o  ..*|
[   21.004709] cloud-init[663]: |      + .  . o =+|
[   21.005231] cloud-init[663]: |       .    + *oo|
[   21.005763] cloud-init[663]: |           ooo o=|
[   21.006322] cloud-init[663]: +----[SHA256]-----+
[   21.008107] cloud-init[663]: Generating public/private ecdsa key pair.
[   21.008835] cloud-init[663]: Your identification has been saved in /etc/ssh/ssh_host_ecdsa_key.
[   21.009743] cloud-init[663]: Your public key has been saved in /etc/ssh/ssh_host_ecdsa_key.pub.
[   21.010659] cloud-init[663]: The key fingerprint is:
[   21.011225] cloud-init[663]: SHA256:2SPKb3Vfo//jPuy8nMc2dsYvITbLcHCtR8qZ5PaVHJU root@ubuntu-bionic
[   21.012167] cloud-init[663]: The key's randomart image is:
[   21.012754] cloud-init[663]: +---[ECDSA 256]---+
[   21.013311] cloud-init[663]: |                .|
[   21.013789] cloud-init[663]: |               E.|
[   21.014268] cloud-init[663]: |             .  .|
[   21.015842] cloud-init[663]: |         o. o o. |
[   21.016324] cloud-init[663]: |        S o* *. o|
[   21.016782] cloud-init[663]: |     . . .o.# o+o|
[   21.017245] cloud-init[663]: |      o  . B Bo*.|
[   21.017690] cloud-init[663]: |       ..   o.**O|
[   21.018145] cloud-init[663]: |       ..     *&%|
[   21.018589] cloud-init[663]: +----[SHA256]-----+
[   21.019094] cloud-init[663]: Generating public/private ed25519 key pair.
[   21.019700] cloud-init[663]: Your identification has been saved in /etc/ssh/ssh_host_ed25519_key.
[   21.020541] cloud-init[663]: Your public key has been saved in /etc/ssh/ssh_host_ed25519_key.pub.
[   21.021442] cloud-init[663]: The key fingerprint is:
[   21.021938] cloud-init[663]: SHA256:UFWk/mr/FAAXCAfEu9n4grDbyuPDZ3g7JKsG2U+tT2Q root@ubuntu-bionic
[   21.032779] cloud-init[663]: The key's randomart image is:
[[   21.056201] cloud-init[663]: +--[ED25519 256]--+
[   21.056389] cloud-init[663]: |       o=+++=.   |
[0;32m  OK  [0m] Started Initial cloud-init job (metadata service crawler).
[   21.056534] cloud-init[663]: |       ....+     |
[   21.060599] cloud-init[663]: |      .  .. .    |
[   21.061222] cloud-init[663]: |       ...   .   |
[[   21.061826] cloud-init[663]: | o   .E S=.   .  |
[   21.061972] cloud-init[663]: |o . +oo + ..   . |
[   21.062087] cloud-init[663]: | . + O.. .  . .  |
[   21.062222] cloud-init[663]: |  ..Xo* . o. .   |
[   21.062367] cloud-init[663]: | ..o=X+o o.....  |
[   21.062491] cloud-init[663]: +----[SHA256]-----+
[0;32m  OK  [0m] Reached target Network is Online.
         Starting Availability of block devices...
[[0;32m  OK  [0m] Reached target Remote File Systems (Pre).
[[0;32m  OK  [0m] Reached target Remote File Systems.
[[0;32m  OK  [0m] Reached target Cloud-config availability.
[[0;32m  OK  [0m] Reached target System Initialization.
[[0;32m  OK  [0m] Started Daily apt download activities.
[[0;32m  OK  [0m] Listening on cloud-init hotplug hook socket.
         Starting Socket activation for snappy daemon.
         Starting LXD - unix socket.
[[0;32m  OK  [0m] Listening on UUID daemon activation socket.
[[0;32m  OK  [0m] Listening on ACPID Listen Socket.
[[0;32m  OK  [0m] Listening on Open-iSCSI iscsid Socket.
[[0;32m  OK  [0m] Started Message of the Day.
[[0;32m  OK  [0m] Listening on D-Bus System Message Bus Socket.
[[0;32m  OK  [0m] Started ACPI Events Check.
[[0;32m  OK  [0m] Reached target Paths.
[[0;32m  OK  [0m] Started Ubuntu Advantage Timer for running repeated jobs.
[[0;32m  OK  [0m] Started Discard unused blocks once a week.
[[0;32m  OK  [0m] Started Daily Cleanup of Temporary Directories.
[[0;32m  OK  [0m] Started Daily apt upgrade and clean activities.
[[0;32m  OK  [0m] Reached target Timers.
[[0;32m  OK  [0m] Started Availability of block devices.
[[0;32m  OK  [0m] Listening on Socket activation for snappy daemon.
[[0;32m  OK  [0m] Listening on LXD - unix socket.
[[0;32m  OK  [0m] Reached target Sockets.
[[0;32m  OK  [0m] Reached target Basic System.
         Starting System Logging Service...
         Starting Virtualbox guest utils...
         Starting LSB: automatic crash report generation...
[[0;32m  OK  [0m] Started Deferred execution scheduler.
         Starting LXD - container startup/shutdown...
         Starting Dispatcher daemon for systemd-networkd...
[[0;32m  OK  [0m] Started D-Bus System Message Bus.
         Starting Pollinate to seed the pseudo random number generator...
         Starting Login Service...
[[0;32m  OK  [0m] Reached target Login Prompts (Pre).
         Starting LSB: Record successful boot for GRUB...
[[0;32m  OK  [0m] Started Regular background program processing daemon.
[[0;32m  OK  [0m] Started FUSE filesystem for LXC.
         Starting Accounts Service...
[[0;32m  OK  [0m] Started irqbalance daemon.
         Starting Permit User Sessions...
         Starting Snap Daemon...
[[0;32m  OK  [0m] Started System Logging Service.
[[0;32m  OK  [0m] Started Permit User Sessions.
[[0;32m  OK  [0m] Started Login Service.
[[0;32m  OK  [0m] Started Unattended Upgrades Shutdown.
         Starting Hold until boot process finishes up...
         Starting Terminate Plymouth Boot Screen...
[[0;32m  OK  [0m] Started Hold until boot process finishes up.
         Starting Set console scheme...
[[0;32m  OK  [0m] Started Serial Getty on ttyS0.
[[0;32m  OK  [0m] Started Terminate Plymouth Boot Screen.
[[0;32m  OK  [0m] Started Set console scheme.
[[0;32m  OK  [0m] Created slice system-getty.slice.
[[0;32m  OK  [0m] Started Getty on tty1.
[[0;32m  OK  [0m] Reached target Login Prompts.
         Starting Authorization Manager...
[[0;32m  OK  [0m] Started LSB: automatic crash report generation.
[[0;32m  OK  [0m] Started LSB: Record successful boot for GRUB.
[[0;32m  OK  [0m] Started Authorization Manager.
[[0;32m  OK  [0m] Started Accounts Service.
[[0;32m  OK  [0m] Started Virtualbox guest utils.
[[0;32m  OK  [0m] Started LXD - container startup/shutdown.
[[0;32m  OK  [0m] Started Dispatcher daemon for systemd-networkd.
[[0;32m  OK  [0m] Started Snap Daemon.
         Starting Wait until snapd is fully seeded...
[[0;32m  OK  [0m] Started Pollinate to seed the pseudo random number generator.
         Starting OpenBSD Secure Shell server...
[[0;32m  OK  [0m] Started OpenBSD Secure Shell server.
         Starting Time & Date Service...
[[0;32m  OK  [0m] Started Time & Date Service.
[[0;32m  OK  [0m] Created slice User Slice of vagrant.
         Starting User Manager for UID 1000...
[[0;32m  OK  [0m] Started Session 1 of user vagrant.
[[0;32m  OK  [0m] Started User Manager for UID 1000.

Ubuntu 18.04.6 LTS ubuntu-bionic ttyS0

ubuntu-bionic login: [   30.283286] cloud-init[1431]: Cloud-init v. 22.3.4-0ubuntu1~18.04.1 running 'modules:config' at Tue, 13 Dec 2022 16:18:04 +0000. Up 27.94 seconds.
ci-info: no authorized SSH keys fingerprints found for user ubuntu.
<14>Dec 13 16:18:07 cloud-init: #############################################################
<14>Dec 13 16:18:07 cloud-init: -----BEGIN SSH HOST KEY FINGERPRINTS-----
<14>Dec 13 16:18:07 cloud-init: 1024 SHA256:mnzBJVOvNlh+lQ9eTnvud6ScyLZ+LxW/VTImN8m2VCo root@ubuntu-bionic (DSA)
<14>Dec 13 16:18:07 cloud-init: 256 SHA256:2SPKb3Vfo//jPuy8nMc2dsYvITbLcHCtR8qZ5PaVHJU root@ubuntu-bionic (ECDSA)
<14>Dec 13 16:18:07 cloud-init: 256 SHA256:UFWk/mr/FAAXCAfEu9n4grDbyuPDZ3g7JKsG2U+tT2Q root@ubuntu-bionic (ED25519)
<14>Dec 13 16:18:07 cloud-init: 2048 SHA256:sVOVAnlSi61s1IXuN5OX4r1h3goAaVOow23l1AOJUU4 root@ubuntu-bionic (RSA)
<14>Dec 13 16:18:07 cloud-init: -----END SSH HOST KEY FINGERPRINTS-----
<14>Dec 13 16:18:07 cloud-init: #############################################################
-----BEGIN SSH HOST KEY KEYS-----
ecdsa-sha2-nistp256 AAAAE2VjZHNhLXNoYTItbmlzdHAyNTYAAAAIbmlzdHAyNTYAAABBBH7EZ0WFeFXzOSeRwCH4XsvuB22oRZPqMLD9bOcb2xug9oDcZ08nN1fe5+3LvOCtVUSzwNsDOFbf91nwRcya2JI= root@ubuntu-bionic
ssh-ed25519 AAAAC3NzaC1lZDI1NTE5AAAAIDS+Fod3xH8fyK9tH58Jtk5pIMxPKxevXJnrZRrLnjL+ root@ubuntu-bionic
ssh-rsa AAAAB3NzaC1yc2EAAAADAQABAAABAQDL7RRzEqjakDOP4ba+1zn1TEtoc9vOecJSRRk+iCQbApdc0nsJblBksTUCRCqJjeYqCKTQ0aQj29fTI7sc/0mLsYnKhaWDkZkI4o11Eyk5oiX+23o5oto9GNlUwI46nfuOywEy/aLV+y0CBOu9bflem0v6/jL8gdyUfWjL6K0ooP+V/z0SHTV+hXa/gZ/EYJ0ZCuB1XJPIE+F0fMm20zIH7BC/IP3vdYET/YPXOLVhR61A59UJWEIbzBRF4tEvbLg5kHEKCWRXRFBEy9QPP/efxPgRwKoNAL9NIYivDA3tS97ecX2vcCvX3G+5/7CiaZBMtsyoP28DTptFqH3ioLcn root@ubuntu-bionic
-----END SSH HOST KEY KEYS-----
[   31.068342] cloud-init[1553]: Cloud-init v. 22.3.4-0ubuntu1~18.04.1 running 'modules:final' at Tue, 13 Dec 2022 16:18:07 +0000. Up 30.72 seconds.
[   31.068756] cloud-init[1553]: Cloud-init v. 22.3.4-0ubuntu1~18.04.1 finished at Tue, 13 Dec 2022 16:18:07 +0000. Datasource DataSourceNoCloud [seed=/dev/sdb][dsmode=net].  Up 31.06 seconds
[[0;32m  OK  [0m] Stopped target Host and Network Name Lookups.
         Stopping Availability of block devices...
[[0;32m  OK  [0m] Stopped target Graphical Interface.
         Stopping Authorization Manager...
         Stopping Session 7 of user vagrant.
[[0;32m  OK  [0m] Closed Load/Save RF Kil[[0;32m  OK  [0m] Stopped Deferred execution scheduler.
[[0;32m  OK  [0m] Unmounted /var/lib/lxcfs.
[[0;32m  OK  [0m] Stopped Dispatcher daemon for systemd-networkd.
[[0;32m  OK  [0m] Stopped Regular background program processing daemon.
[[0;32m  OK  [0m] Stopped irqbalance daemon.
[[0;32m  OK  [0m] Stopped Serial Getty on ttyS0.
[[0;32m  OK  [0m] Stopped Accounts Service.
[[0;32m  OK  [0m] Stopped Getty on tty1.
[[0;32m  OK  [0m] Stopped System Logging Service.
[[0;32m  OK  [0m] Stopped Authorization Manager.
[[0;32m  OK  [0m] Stopped OpenBSD Secure Shell server.
[[0;32m  OK  [0m] Stopped User Manager for UID 1000.
[[0;32m  OK  [0m] Stopped D-Bus System Message Bus.
[[0;32m  OK  [0m] Stopped Session 7 of user vagrant.
[[0;32m  OK  [0m] Stopped A high performance web server and a reverse proxy server.
[[0;32m  OK  [0m] Removed slice User Slice of vagrant.
[[0;32m  OK  [0m] Removed slice system-getty.slice.
         Stopping Permit User Sessions...
[[0;32m  OK  [0m] Stopped target Login Prompts (Pre).
[[0;32m  OK  [0m] Removed slice system-serial\x2dgetty.slice.
[[0;32m  OK  [0m] Unmounted /run/user/1000.
[[0;32m  OK  [0m] Stopped LXD - container startup/shutdown.
[[0;32m  OK  [0m] Stopped Availability of block devices.
[[0;32m  OK  [0m] Stopped FUSE filesystem for LXC.
[[0;32m  OK  [0m] Stopped Permit User Sessions.
[[0;32m  OK  [0m] Stopped decide.
[[0;32m  OK  [0m] Stopped Unattended Upgrades Shutdown.
         Stopping Login Service...
[[0;32m  OK  [0m] Stopped target Network.
         Stopping Network Name Resolution...
[[0;32m  OK  [0m] Stopped Network Name Resolution.
[[0;32m  OK  [0m] Stopped LSB: Record successful boot for GRUB.
[[0;32m  OK  [0m] Stopped Login Service.
[[0;32m  OK  [0m] Stopped target User and Group Name Lookups.
[[0;32m  OK  [0m] Stopped Virtualbox guest utils.
[[0;32m  OK  [0m] Stopped LSB: automatic crash report generation.
[[0;32m  OK  [0m] Stopped target Remote File Systems.
[[0;32m  OK  [0m] Stopped target Remote File Systems (Pre).
[[0;32m  OK  [0m] Stopped PostgreSQL Cluster 10-main.
[[0;32m  OK  [0m] Removed slice system-postgresql.slice.
[[0;32m  OK  [0m] Stopped target Basic System.
[[0;32m  OK  [0m] Stopped target Slices.
[[0;32m  OK  [0m] Removed slice User and Session Slice.
[[0;32m  OK  [0m] Stopped target Paths.
[[0;32m  OK  [0m] Stopped ACPI Events Check.
[[0;32m  OK  [0m] Stopped target Sockets.
[[0;32m  OK  [0m] Closed Syslog Socket.
[[0;32m  OK  [0m] Closed Socket activation for snappy daemon.
[[0;32m  OK  [0m] Closed LXD - unix socket.
[[0;32m  OK  [0m] Closed UUID daemon activation socket.
[[0;32m  OK  [0m] Closed cloud-init hotplug hook socket.
[[0;32m  OK  [0m] Closed D-Bus System Message Bus Socket.
[[0;32m  OK  [0m] Closed ACPID Listen Socket.
[[0;32m  OK  [0m] Closed Open-iSCSI iscsid Socket.
[[0;32m  OK  [0m] Stopped target System Initialization.
[[0;32m  OK  [0m] Stopped Commit a transient machine-id on disk.
         Stopping Load/Save Random Seed...
         Stopping Update UTMP about System Boot/Shutdown...
[[0;32m  OK  [0m] Stopped Initial cloud-init job (metadata service crawler).
[[0;32m  OK  [0m] Stopped Wait for Network to be Configured.
         Stopping Network Service...
[[0;32m  OK  [0m] Stopped target Swap.
[[0;32m  OK  [0m] Stopped target Local Encrypted Volumes.
[[0;32m  OK  [0m] Stopped Forward Password Requests to Wall Directory Watch.
[[0;32m  OK  [0m] Stopped Dispatch Password Requests to Console Directory Watch.
[[0;32m  OK  [0m] Stopped Network Service.
[[0;32m  OK  [0m] Stopped Load/Save Random Seed.
[[0;32m  OK  [0m] Stopped target Network (Pre).
[[0;32m  OK  [0m] Stopped Initial cloud-init job (pre-networking).
[[0;32m  OK  [0m] Stopped Apply Kernel Variables.
[[0;32m  OK  [0m] Stopped Load Kernel Modules.
[[0;32m  OK  [0m] Stopped Update UTMP about System Boot/Shutdown.
[[0;32m  OK  [0m] Stopped Create Volatile Files and Directories.
[[0;32m  OK  [0m] Stopped target Local File Systems.
         Unmounting /vagrant...
[[0;32m  OK  [0m] Unmounted /vagrant.
[[0;32m  OK  [0m] Reached target Unmount All Filesystems.
[[0;32m  OK  [0m] Stopped target Local File Systems (Pre).
[[0;32m  OK  [0m] Stopped Create Static Device Nodes in /dev.
[[0;32m  OK  [0m] Stopped Remount Root and Kernel File Systems.
[[0;32m  OK  [0m] Reached target Shutdown.
[[0;32m  OK  [0m] Reached target Final Step.
         Starting Power-Off...
         Stopping Monitoring of LVM2 mirrorsâ€¦ng dmeventd or progress polling...
[  583.991773] reboot: Power down
